I made this to test errors.
<<<<<<< HEAD
=======
steak and eggs
>>>>>>> origin/master



This is very confusing. 
I don’t understand why we shouldn’t just do everything online.
